
 ⛅️ wrangler 4.125.0 (update available 4.128.0)
───────────────────────────────────────────────
🌀 Building list of assets...
✨ Read 7 files from the assets directory /private/tmp/sdt-g58-w109-exact.Won0bb/samples/meeting-room/public
🌀 Starting asset upload...
No updated asset files to upload. Proceeding with deployment...
Total Upload: 2186.36 KiB / gzip: 363.77 KiB
Worker Startup Time: 26 ms
Your Worker has access to the following bindings:
Binding                                                                                 Resource                  
env.ALLOCATOR (AllocatorDurableObject)                                                  Durable Object            
env.JOURNAL (JournalDurableObject)                                                      Durable Object            
env.TAG (TagDurableObject)                                                              Durable Object            
env.TAG_STATE (TagStateDurableObject)                                                   Durable Object            
env.BOOTSTRAP (BootstrapCoordinatorDurableObject)                                       Durable Object            
env.DOWNSTREAM_QUEUE (inherited)                                                        Queue                     
env.D1 (sekiban-dcb-meeting-room-cloudflare-pipeline)                                   D1 Database               
env.D1_MV (sekiban-dcb-meeting-room-cloudflare-mv)                                      D1 Database               
env.AUTO_DRAIN_OUTBOX ("true")                                                          Environment Variable      
env.DOMAIN_DELIVERY_CLASS ("immediate-preferred")                                       Environment Variable      
env.DIRECT_DOORBELL ("false")                                                           Environment Variable      
env.DIRECT_DOORBELL_ALLOWED_VIEWS ("RoomProjector,ReservationProjector")                Environment Variable      
env.DIRECT_DOORBELL_MAX_INVOCATIONS ("32")                                              Environment Variable      
env.DIRECT_DOORBELL_DEGRADATION ("queued-degraded")                                     Environment Variable      
env.DIRECT_DOORBELL_RECEIVER_MODE ("separate")                                          Environment Variable      
env.G26_VIEW_COUNT ("2")                                                                Environment Variable      
env.G32_COMPONENT ("primary")                                                           Environment Variable      
env.G32_CUTOVER_PHASE ("final-g32")                                                     Environment Variable      
env.G32_FREEZE_RELEASE ("after-new-bindings")                                           Environment Variable      
env.G32_CUTOVER_FENCE_FINGERPRINT ("fab7cd0045f5e568c0d72cfadc9dfe6f5bc22...")          Environment Variable      
env.SDT_SERVICE_ID ("sekiban-dcb-meeting-room-cloudflare-o...")                         Environment Variable      

Uploaded sekiban-dcb-meeting-room-cloudflare-only (3.92 sec)
Deployed sekiban-dcb-meeting-room-cloudflare-only triggers (3.66 sec)
  https://sekiban-dcb-meeting-room-cloudflare-only.ttakaoka.workers.dev
  schedule: * * * * *
  Producer for sekiban-dcb-meeting-room-cloudflare-outbox
  Consumer for sekiban-dcb-meeting-room-cloudflare-outbox
Current Version ID: 7b4e30eb-5666-46d6-8a8e-57ffa9edb07a
