[
  {
    "results": [
      {
        "suid": "063924178198398000000336056091",
        "event_id": "01a06fc2-432f-7df6-bd25-bfbeab1ae9b2",
        "tags": "[\"room:g65-room-b5135223-4ca\"]",
        "authored_timestamp": "2026-09-05T04:09:57.295Z"
      },
      {
        "suid": "063924178210984000001726691723",
        "event_id": "01a06fc2-7564-792f-b27e-5d81547f81ad",
        "tags": "[\"room:g65-room-b5135223-4ca\",\"reservation:g65-reservation-b5135223-4ca-1\"]",
        "authored_timestamp": "2026-09-05T04:10:10.148Z"
      },
      {
        "suid": "063924178224722000000360555581",
        "event_id": "01a06fc2-a9ba-7b02-a37d-e58005ccdf9a",
        "tags": "[\"room:g65-room-b5135223-4ca\",\"reservation:g65-reservation-b5135223-4ca-2\"]",
        "authored_timestamp": "2026-09-05T04:10:23.546Z"
      },
      {
        "suid": "063924178237013000002045136300",
        "event_id": "01a06fc2-dba0-71f1-8905-da2d3f539399",
        "tags": "[\"room:g65-room-b5135223-4ca\",\"reservation:g65-reservation-b5135223-4ca-3\"]",
        "authored_timestamp": "2026-09-05T04:10:36.320Z"
      },
      {
        "suid": "063924178249243000000862815092",
        "event_id": "01a06fc3-0b82-7285-8e65-6356ccb1d238",
        "tags": "[\"room:g65-room-b5135223-4ca\",\"reservation:g65-reservation-b5135223-4ca-4\"]",
        "authored_timestamp": "2026-09-05T04:10:48.578Z"
      },
      {
        "suid": "063924178261468000000443208851",
        "event_id": "01a06fc3-3b56-7b01-b100-aa779a86f3c8",
        "tags": "[\"room:g65-room-b5135223-4ca\",\"reservation:g65-reservation-b5135223-4ca-5\"]",
        "authored_timestamp": "2026-09-05T04:11:00.822Z"
      },
      {
        "suid": "063924178273513000001618644650",
        "event_id": "01a06fc3-6a6d-702c-be31-87892611d203",
        "tags": "[\"room:g65-room-b5135223-4ca\",\"reservation:g65-reservation-b5135223-4ca-6\"]",
        "authored_timestamp": "2026-09-05T04:11:12.877Z"
      },
      {
        "suid": "063924178285821000001542062552",
        "event_id": "01a06fc3-9a61-7871-a812-18b6831f353b",
        "tags": "[\"room:g65-room-b5135223-4ca\",\"reservation:g65-reservation-b5135223-4ca-7\"]",
        "authored_timestamp": "2026-09-05T04:11:25.153Z"
      },
      {
        "suid": "063924178298169000001652676251",
        "event_id": "01a06fc3-c9ee-7e07-8b83-30fbc8bb301a",
        "tags": "[\"room:g65-room-b5135223-4ca\",\"reservation:g65-reservation-b5135223-4ca-8\"]",
        "authored_timestamp": "2026-09-05T04:11:37.326Z"
      },
      {
        "suid": "063924178310280000000037521988",
        "event_id": "01a06fc3-fa08-70af-b6e5-cbf8b69f78f5",
        "tags": "[\"room:g65-room-b5135223-4ca\",\"reservation:g65-reservation-b5135223-4ca-9\"]",
        "authored_timestamp": "2026-09-05T04:11:49.640Z"
      },
      {
        "suid": "063924178322440000001456939849",
        "event_id": "01a06fc4-2901-73f4-a457-d7323f88293d",
        "tags": "[\"room:g65-room-b5135223-4ca\",\"reservation:g65-reservation-b5135223-4ca-10\"]",
        "authored_timestamp": "2026-09-05T04:12:01.665Z"
      }
    ],
    "success": true,
    "meta": {
      "served_by": "v3-prod",
      "served_by_region": "WNAM",
      "served_by_colo": "SEA",
      "served_by_primary": true,
      "timings": {
        "sql_duration_ms": 0.5917
      },
      "duration": 0.5917,
      "changes": 0,
      "last_row_id": 143,
      "changed_db": false,
      "size_after": 1015808,
      "rows_read": 11,
      "rows_written": 0,
      "total_attempts": 1
    }
  },
  {
    "results": [
      {
        "service_id": "sekiban-dcb-g60-w155-c",
        "event_id": "01a06fc2-432f-7df6-bd25-bfbeab1ae9b2",
        "suid": "063924178198398000000336056091",
        "attempt_id": "d481c26d-a769-4a1b-80cd-3468812963cc",
        "partition_tag": "room:g65-room-b5135223-4ca",
        "delivery_source": "fast",
        "admission_started_at": 1788581398612,
        "admission_finished_at": 1788581398912,
        "outcome": "unknown",
        "global_completion_observed_at": null,
        "clock_origin": "Date.now epoch ms"
      },
      {
        "service_id": "sekiban-dcb-g60-w155-c",
        "event_id": "01a06fc2-7564-792f-b27e-5d81547f81ad",
        "suid": "063924178210984000001726691723",
        "attempt_id": "6d43afec-9f6c-4f09-8097-d65702d1c15e",
        "partition_tag": "reservation:g65-reservation-b5135223-4ca-1",
        "delivery_source": "fast",
        "admission_started_at": 1788581411191,
        "admission_finished_at": 1788581411491,
        "outcome": "unknown",
        "global_completion_observed_at": null,
        "clock_origin": "Date.now epoch ms"
      },
      {
        "service_id": "sekiban-dcb-g60-w155-c",
        "event_id": "01a06fc2-7564-792f-b27e-5d81547f81ad",
        "suid": "063924178210984000001726691723",
        "attempt_id": "6d43afec-9f6c-4f09-8097-d65702d1c15e",
        "partition_tag": "room:g65-room-b5135223-4ca",
        "delivery_source": "fast",
        "admission_started_at": 1788581411195,
        "admission_finished_at": 1788581411495,
        "outcome": "unknown",
        "global_completion_observed_at": null,
        "clock_origin": "Date.now epoch ms"
      },
      {
        "service_id": "sekiban-dcb-g60-w155-c",
        "event_id": "01a06fc2-7564-792f-b27e-5d81547f81ad",
        "suid": "063924178210984000001726691723",
        "attempt_id": "6d43afec-9f6c-4f09-8097-d65702d1c15e",
        "partition_tag": "room:g65-room-b5135223-4ca",
        "delivery_source": "fast",
        "admission_started_at": 1788581424926,
        "admission_finished_at": 1788581425226,
        "outcome": "unknown",
        "global_completion_observed_at": null,
        "clock_origin": "Date.now epoch ms"
      },
      {
        "service_id": "sekiban-dcb-g60-w155-c",
        "event_id": "01a06fc2-a9ba-7b02-a37d-e58005ccdf9a",
        "suid": "063924178224722000000360555581",
        "attempt_id": "19b4aed9-ebf5-4be5-b72f-f0974d8e4ada",
        "partition_tag": "room:g65-room-b5135223-4ca",
        "delivery_source": "fast",
        "admission_started_at": 1788581424926,
        "admission_finished_at": 1788581425226,
        "outcome": "unknown",
        "global_completion_observed_at": null,
        "clock_origin": "Date.now epoch ms"
      },
      {
        "service_id": "sekiban-dcb-g60-w155-c",
        "event_id": "01a06fc2-a9ba-7b02-a37d-e58005ccdf9a",
        "suid": "063924178224722000000360555581",
        "attempt_id": "19b4aed9-ebf5-4be5-b72f-f0974d8e4ada",
        "partition_tag": "reservation:g65-reservation-b5135223-4ca-2",
        "delivery_source": "fast",
        "admission_started_at": 1788581424968,
        "admission_finished_at": 1788581425268,
        "outcome": "unknown",
        "global_completion_observed_at": null,
        "clock_origin": "Date.now epoch ms"
      },
      {
        "service_id": "sekiban-dcb-g60-w155-c",
        "event_id": "01a06fc2-a9ba-7b02-a37d-e58005ccdf9a",
        "suid": "063924178224722000000360555581",
        "attempt_id": "19b4aed9-ebf5-4be5-b72f-f0974d8e4ada",
        "partition_tag": "room:g65-room-b5135223-4ca",
        "delivery_source": "fast",
        "admission_started_at": 1788581437189,
        "admission_finished_at": 1788581437489,
        "outcome": "unknown",
        "global_completion_observed_at": null,
        "clock_origin": "Date.now epoch ms"
      },
      {
        "service_id": "sekiban-dcb-g60-w155-c",
        "event_id": "01a06fc2-dba0-71f1-8905-da2d3f539399",
        "suid": "063924178237013000002045136300",
        "attempt_id": "9e245f08-6460-4241-8130-246b42eb5bdf",
        "partition_tag": "room:g65-room-b5135223-4ca",
        "delivery_source": "fast",
        "admission_started_at": 1788581437189,
        "admission_finished_at": 1788581437489,
        "outcome": "unknown",
        "global_completion_observed_at": null,
        "clock_origin": "Date.now epoch ms"
      },
      {
        "service_id": "sekiban-dcb-g60-w155-c",
        "event_id": "01a06fc2-dba0-71f1-8905-da2d3f539399",
        "suid": "063924178237013000002045136300",
        "attempt_id": "9e245f08-6460-4241-8130-246b42eb5bdf",
        "partition_tag": "reservation:g65-reservation-b5135223-4ca-3",
        "delivery_source": "fast",
        "admission_started_at": 1788581437210,
        "admission_finished_at": 1788581437510,
        "outcome": "unknown",
        "global_completion_observed_at": null,
        "clock_origin": "Date.now epoch ms"
      },
      {
        "service_id": "sekiban-dcb-g60-w155-c",
        "event_id": "01a06fc2-dba0-71f1-8905-da2d3f539399",
        "suid": "063924178237013000002045136300",
        "attempt_id": "9e245f08-6460-4241-8130-246b42eb5bdf",
        "partition_tag": "room:g65-room-b5135223-4ca",
        "delivery_source": "fast",
        "admission_started_at": 1788581449427,
        "admission_finished_at": 1788581449727,
        "outcome": "unknown",
        "global_completion_observed_at": null,
        "clock_origin": "Date.now epoch ms"
      },
      {
        "service_id": "sekiban-dcb-g60-w155-c",
        "event_id": "01a06fc2-dba0-71f1-8905-da2d3f539399",
        "suid": "063924178237013000002045136300",
        "attempt_id": "9e245f08-6460-4241-8130-246b42eb5bdf",
        "partition_tag": "room:g65-room-b5135223-4ca",
        "delivery_source": "fast",
        "admission_started_at": 1788581461664,
        "admission_finished_at": 1788581461964,
        "outcome": "unknown",
        "global_completion_observed_at": null,
        "clock_origin": "Date.now epoch ms"
      },
      {
        "service_id": "sekiban-dcb-g60-w155-c",
        "event_id": "01a06fc3-0b82-7285-8e65-6356ccb1d238",
        "suid": "063924178249243000000862815092",
        "attempt_id": "bac303c2-0b28-43b4-8c11-52a018c19ef4",
        "partition_tag": "room:g65-room-b5135223-4ca",
        "delivery_source": "fast",
        "admission_started_at": 1788581449427,
        "admission_finished_at": 1788581449727,
        "outcome": "unknown",
        "global_completion_observed_at": null,
        "clock_origin": "Date.now epoch ms"
      },
      {
        "service_id": "sekiban-dcb-g60-w155-c",
        "event_id": "01a06fc3-0b82-7285-8e65-6356ccb1d238",
        "suid": "063924178249243000000862815092",
        "attempt_id": "bac303c2-0b28-43b4-8c11-52a018c19ef4",
        "partition_tag": "reservation:g65-reservation-b5135223-4ca-4",
        "delivery_source": "fast",
        "admission_started_at": 1788581449459,
        "admission_finished_at": 1788581449759,
        "outcome": "unknown",
        "global_completion_observed_at": null,
        "clock_origin": "Date.now epoch ms"
      },
      {
        "service_id": "sekiban-dcb-g60-w155-c",
        "event_id": "01a06fc3-0b82-7285-8e65-6356ccb1d238",
        "suid": "063924178249243000000862815092",
        "attempt_id": "bac303c2-0b28-43b4-8c11-52a018c19ef4",
        "partition_tag": "room:g65-room-b5135223-4ca",
        "delivery_source": "fast",
        "admission_started_at": 1788581461664,
        "admission_finished_at": 1788581461964,
        "outcome": "unknown",
        "global_completion_observed_at": null,
        "clock_origin": "Date.now epoch ms"
      },
      {
        "service_id": "sekiban-dcb-g60-w155-c",
        "event_id": "01a06fc3-0b82-7285-8e65-6356ccb1d238",
        "suid": "063924178249243000000862815092",
        "attempt_id": "bac303c2-0b28-43b4-8c11-52a018c19ef4",
        "partition_tag": "room:g65-room-b5135223-4ca",
        "delivery_source": "fast",
        "admission_started_at": 1788581473707,
        "admission_finished_at": 1788581474007,
        "outcome": "unknown",
        "global_completion_observed_at": null,
        "clock_origin": "Date.now epoch ms"
      },
      {
        "service_id": "sekiban-dcb-g60-w155-c",
        "event_id": "01a06fc3-3b56-7b01-b100-aa779a86f3c8",
        "suid": "063924178261468000000443208851",
        "attempt_id": "d5e14400-59d7-4e5c-9fb6-6824c0f387df",
        "partition_tag": "room:g65-room-b5135223-4ca",
        "delivery_source": "fast",
        "admission_started_at": 1788581461664,
        "admission_finished_at": 1788581461964,
        "outcome": "unknown",
        "global_completion_observed_at": null,
        "clock_origin": "Date.now epoch ms"
      },
      {
        "service_id": "sekiban-dcb-g60-w155-c",
        "event_id": "01a06fc3-3b56-7b01-b100-aa779a86f3c8",
        "suid": "063924178261468000000443208851",
        "attempt_id": "d5e14400-59d7-4e5c-9fb6-6824c0f387df",
        "partition_tag": "reservation:g65-reservation-b5135223-4ca-5",
        "delivery_source": "fast",
        "admission_started_at": 1788581461688,
        "admission_finished_at": 1788581461988,
        "outcome": "unknown",
        "global_completion_observed_at": null,
        "clock_origin": "Date.now epoch ms"
      },
      {
        "service_id": "sekiban-dcb-g60-w155-c",
        "event_id": "01a06fc3-3b56-7b01-b100-aa779a86f3c8",
        "suid": "063924178261468000000443208851",
        "attempt_id": "d5e14400-59d7-4e5c-9fb6-6824c0f387df",
        "partition_tag": "room:g65-room-b5135223-4ca",
        "delivery_source": "fast",
        "admission_started_at": 1788581473707,
        "admission_finished_at": 1788581474007,
        "outcome": "unknown",
        "global_completion_observed_at": null,
        "clock_origin": "Date.now epoch ms"
      },
      {
        "service_id": "sekiban-dcb-g60-w155-c",
        "event_id": "01a06fc3-3b56-7b01-b100-aa779a86f3c8",
        "suid": "063924178261468000000443208851",
        "attempt_id": "d5e14400-59d7-4e5c-9fb6-6824c0f387df",
        "partition_tag": "room:g65-room-b5135223-4ca",
        "delivery_source": "fast",
        "admission_started_at": 1788581486016,
        "admission_finished_at": 1788581486316,
        "outcome": "unknown",
        "global_completion_observed_at": null,
        "clock_origin": "Date.now epoch ms"
      },
      {
        "service_id": "sekiban-dcb-g60-w155-c",
        "event_id": "01a06fc3-6a6d-702c-be31-87892611d203",
        "suid": "063924178273513000001618644650",
        "attempt_id": "32f704db-04d4-4da0-8598-ca0d4cf61032",
        "partition_tag": "room:g65-room-b5135223-4ca",
        "delivery_source": "fast",
        "admission_started_at": 1788581473707,
        "admission_finished_at": 1788581474007,
        "outcome": "unknown",
        "global_completion_observed_at": null,
        "clock_origin": "Date.now epoch ms"
      },
      {
        "service_id": "sekiban-dcb-g60-w155-c",
        "event_id": "01a06fc3-6a6d-702c-be31-87892611d203",
        "suid": "063924178273513000001618644650",
        "attempt_id": "32f704db-04d4-4da0-8598-ca0d4cf61032",
        "partition_tag": "reservation:g65-reservation-b5135223-4ca-6",
        "delivery_source": "fast",
        "admission_started_at": 1788581473714,
        "admission_finished_at": 1788581474014,
        "outcome": "unknown",
        "global_completion_observed_at": null,
        "clock_origin": "Date.now epoch ms"
      },
      {
        "service_id": "sekiban-dcb-g60-w155-c",
        "event_id": "01a06fc3-6a6d-702c-be31-87892611d203",
        "suid": "063924178273513000001618644650",
        "attempt_id": "32f704db-04d4-4da0-8598-ca0d4cf61032",
        "partition_tag": "room:g65-room-b5135223-4ca",
        "delivery_source": "fast",
        "admission_started_at": 1788581486016,
        "admission_finished_at": 1788581486316,
        "outcome": "unknown",
        "global_completion_observed_at": null,
        "clock_origin": "Date.now epoch ms"
      },
      {
        "service_id": "sekiban-dcb-g60-w155-c",
        "event_id": "01a06fc3-6a6d-702c-be31-87892611d203",
        "suid": "063924178273513000001618644650",
        "attempt_id": "32f704db-04d4-4da0-8598-ca0d4cf61032",
        "partition_tag": "room:g65-room-b5135223-4ca",
        "delivery_source": "fast",
        "admission_started_at": 1788581498339,
        "admission_finished_at": 1788581498639,
        "outcome": "unknown",
        "global_completion_observed_at": null,
        "clock_origin": "Date.now epoch ms"
      },
      {
        "service_id": "sekiban-dcb-g60-w155-c",
        "event_id": "01a06fc3-9a61-7871-a812-18b6831f353b",
        "suid": "063924178285821000001542062552",
        "attempt_id": "9a4c2ffa-14a5-4d00-8d0f-d201e4cb18b6",
        "partition_tag": "room:g65-room-b5135223-4ca",
        "delivery_source": "fast",
        "admission_started_at": 1788581486016,
        "admission_finished_at": 1788581486316,
        "outcome": "unknown",
        "global_completion_observed_at": null,
        "clock_origin": "Date.now epoch ms"
      },
      {
        "service_id": "sekiban-dcb-g60-w155-c",
        "event_id": "01a06fc3-9a61-7871-a812-18b6831f353b",
        "suid": "063924178285821000001542062552",
        "attempt_id": "9a4c2ffa-14a5-4d00-8d0f-d201e4cb18b6",
        "partition_tag": "reservation:g65-reservation-b5135223-4ca-7",
        "delivery_source": "fast",
        "admission_started_at": 1788581486033,
        "admission_finished_at": 1788581486333,
        "outcome": "unknown",
        "global_completion_observed_at": null,
        "clock_origin": "Date.now epoch ms"
      },
      {
        "service_id": "sekiban-dcb-g60-w155-c",
        "event_id": "01a06fc3-9a61-7871-a812-18b6831f353b",
        "suid": "063924178285821000001542062552",
        "attempt_id": "9a4c2ffa-14a5-4d00-8d0f-d201e4cb18b6",
        "partition_tag": "room:g65-room-b5135223-4ca",
        "delivery_source": "fast",
        "admission_started_at": 1788581498339,
        "admission_finished_at": 1788581498639,
        "outcome": "unknown",
        "global_completion_observed_at": null,
        "clock_origin": "Date.now epoch ms"
      },
      {
        "service_id": "sekiban-dcb-g60-w155-c",
        "event_id": "01a06fc3-9a61-7871-a812-18b6831f353b",
        "suid": "063924178285821000001542062552",
        "attempt_id": "9a4c2ffa-14a5-4d00-8d0f-d201e4cb18b6",
        "partition_tag": "room:g65-room-b5135223-4ca",
        "delivery_source": "fast",
        "admission_started_at": 1788581510451,
        "admission_finished_at": 1788581510751,
        "outcome": "unknown",
        "global_completion_observed_at": null,
        "clock_origin": "Date.now epoch ms"
      },
      {
        "service_id": "sekiban-dcb-g60-w155-c",
        "event_id": "01a06fc3-c9ee-7e07-8b83-30fbc8bb301a",
        "suid": "063924178298169000001652676251",
        "attempt_id": "4175be1d-ad77-4515-aef6-62b23d2f1979",
        "partition_tag": "room:g65-room-b5135223-4ca",
        "delivery_source": "fast",
        "admission_started_at": 1788581498339,
        "admission_finished_at": 1788581498639,
        "outcome": "unknown",
        "global_completion_observed_at": null,
        "clock_origin": "Date.now epoch ms"
      },
      {
        "service_id": "sekiban-dcb-g60-w155-c",
        "event_id": "01a06fc3-c9ee-7e07-8b83-30fbc8bb301a",
        "suid": "063924178298169000001652676251",
        "attempt_id": "4175be1d-ad77-4515-aef6-62b23d2f1979",
        "partition_tag": "reservation:g65-reservation-b5135223-4ca-8",
        "delivery_source": "fast",
        "admission_started_at": 1788581498376,
        "admission_finished_at": 1788581498676,
        "outcome": "unknown",
        "global_completion_observed_at": null,
        "clock_origin": "Date.now epoch ms"
      },
      {
        "service_id": "sekiban-dcb-g60-w155-c",
        "event_id": "01a06fc3-c9ee-7e07-8b83-30fbc8bb301a",
        "suid": "063924178298169000001652676251",
        "attempt_id": "4175be1d-ad77-4515-aef6-62b23d2f1979",
        "partition_tag": "room:g65-room-b5135223-4ca",
        "delivery_source": "fast",
        "admission_started_at": 1788581510451,
        "admission_finished_at": 1788581510751,
        "outcome": "unknown",
        "global_completion_observed_at": null,
        "clock_origin": "Date.now epoch ms"
      },
      {
        "service_id": "sekiban-dcb-g60-w155-c",
        "event_id": "01a06fc3-c9ee-7e07-8b83-30fbc8bb301a",
        "suid": "063924178298169000001652676251",
        "attempt_id": "4175be1d-ad77-4515-aef6-62b23d2f1979",
        "partition_tag": "room:g65-room-b5135223-4ca",
        "delivery_source": "fast",
        "admission_started_at": 1788581522638,
        "admission_finished_at": 1788581522938,
        "outcome": "unknown",
        "global_completion_observed_at": null,
        "clock_origin": "Date.now epoch ms"
      },
      {
        "service_id": "sekiban-dcb-g60-w155-c",
        "event_id": "01a06fc3-fa08-70af-b6e5-cbf8b69f78f5",
        "suid": "063924178310280000000037521988",
        "attempt_id": "1c8fa9f1-f68c-4d97-be80-6a350caaec11",
        "partition_tag": "room:g65-room-b5135223-4ca",
        "delivery_source": "fast",
        "admission_started_at": 1788581510451,
        "admission_finished_at": 1788581510751,
        "outcome": "unknown",
        "global_completion_observed_at": null,
        "clock_origin": "Date.now epoch ms"
      },
      {
        "service_id": "sekiban-dcb-g60-w155-c",
        "event_id": "01a06fc3-fa08-70af-b6e5-cbf8b69f78f5",
        "suid": "063924178310280000000037521988",
        "attempt_id": "1c8fa9f1-f68c-4d97-be80-6a350caaec11",
        "partition_tag": "reservation:g65-reservation-b5135223-4ca-9",
        "delivery_source": "fast",
        "admission_started_at": 1788581510479,
        "admission_finished_at": 1788581510779,
        "outcome": "unknown",
        "global_completion_observed_at": null,
        "clock_origin": "Date.now epoch ms"
      },
      {
        "service_id": "sekiban-dcb-g60-w155-c",
        "event_id": "01a06fc3-fa08-70af-b6e5-cbf8b69f78f5",
        "suid": "063924178310280000000037521988",
        "attempt_id": "1c8fa9f1-f68c-4d97-be80-6a350caaec11",
        "partition_tag": "room:g65-room-b5135223-4ca",
        "delivery_source": "fast",
        "admission_started_at": 1788581522638,
        "admission_finished_at": 1788581522938,
        "outcome": "unknown",
        "global_completion_observed_at": null,
        "clock_origin": "Date.now epoch ms"
      },
      {
        "service_id": "sekiban-dcb-g60-w155-c",
        "event_id": "01a06fc4-2901-73f4-a457-d7323f88293d",
        "suid": "063924178322440000001456939849",
        "attempt_id": "f7dd2164-ed68-483f-bdd3-27b1f6d523cf",
        "partition_tag": "room:g65-room-b5135223-4ca",
        "delivery_source": "fast",
        "admission_started_at": 1788581522638,
        "admission_finished_at": 1788581522938,
        "outcome": "unknown",
        "global_completion_observed_at": null,
        "clock_origin": "Date.now epoch ms"
      },
      {
        "service_id": "sekiban-dcb-g60-w155-c",
        "event_id": "01a06fc4-2901-73f4-a457-d7323f88293d",
        "suid": "063924178322440000001456939849",
        "attempt_id": "f7dd2164-ed68-483f-bdd3-27b1f6d523cf",
        "partition_tag": "reservation:g65-reservation-b5135223-4ca-10",
        "delivery_source": "fast",
        "admission_started_at": 1788581522663,
        "admission_finished_at": 1788581522963,
        "outcome": "unknown",
        "global_completion_observed_at": null,
        "clock_origin": "Date.now epoch ms"
      }
    ],
    "success": true,
    "meta": {
      "served_by": "v3-prod",
      "served_by_region": "WNAM",
      "served_by_colo": "SEA",
      "served_by_primary": true,
      "timings": {
        "sql_duration_ms": 0.6953
      },
      "duration": 0.6953,
      "changes": 0,
      "last_row_id": 143,
      "changed_db": false,
      "size_after": 1015808,
      "rows_read": 72,
      "rows_written": 0,
      "total_attempts": 1
    }
  }
]
