
 ⛅️ wrangler 4.125.0 (update available 4.129.0)
───────────────────────────────────────────────

[31m✘ [41;31m[[41;97mERROR[41;31m][0m [1mBuild failed with 13 errors:[0m

  [31m✘ [41;31m[[41;97mERROR[41;31m][0m [1mCould not resolve "@sekiban/dcb-core"[0m
  
      ../samples/meeting-room/src/d1-mv.ts:1:38:
  [37m      1 │ import { defineRowMaterializer } from [32m"@sekiban/dcb-core"[37m;
          ╵                                       [32m~~~~~~~~~~~~~~~~~~~[0m
  
    To fix this, you can add an entry to "alias" in your Wrangler configuration.
    For more guidance see: [4m[4mhttps://developers.cloudflare.com/workers/wrangler/configuration/#bundling-issues[0m[0m
    
  
  
  [31m✘ [41;31m[[41;97mERROR[41;31m][0m [1mCould not resolve "@sekiban/dcb-runtime/cloudflare"[0m
  
      ../samples/meeting-room/src/d1-mv.ts:6:7:
  [37m      6 │ } from [32m"@sekiban/dcb-runtime/cloudflare"[37m;
          ╵        [32m~~~~~~~~~~~~~~~~~~~~~~~~~~~~~~~~~[0m
  
    To fix this, you can add an entry to "alias" in your Wrangler configuration.
    For more guidance see: [4m[4mhttps://developers.cloudflare.com/workers/wrangler/configuration/#bundling-issues[0m[0m
    
  
  
  [31m✘ [41;31m[[41;97mERROR[41;31m][0m [1mCould not resolve "@sekiban/dcb-runtime/d1"[0m
  
      ../samples/meeting-room/src/d1-mv.ts:20:7:
  [37m      20 │ } from [32m"@sekiban/dcb-runtime/d1"[37m;
           ╵        [32m~~~~~~~~~~~~~~~~~~~~~~~~~[0m
  
    To fix this, you can add an entry to "alias" in your Wrangler configuration.
    For more guidance see: [4m[4mhttps://developers.cloudflare.com/workers/wrangler/configuration/#bundling-issues[0m[0m
    
  
  
  [31m✘ [41;31m[[41;97mERROR[41;31m][0m [1mCould not resolve "@sekiban/dcb-runtime/d1-mv"[0m
  
      ../samples/meeting-room/src/d1-mv.ts:24:7:
  [37m      24 │ } from [32m"@sekiban/dcb-runtime/d1-mv"[37m;
           ╵        [32m~~~~~~~~~~~~~~~~~~~~~~~~~~~~[0m
  
    To fix this, you can add an entry to "alias" in your Wrangler configuration.
    For more guidance see: [4m[4mhttps://developers.cloudflare.com/workers/wrangler/configuration/#bundling-issues[0m[0m
    
  
  
  [31m✘ [41;31m[[41;97mERROR[41;31m][0m [1mCould not resolve "zod"[0m
  
      ../samples/meeting-room/src/domain.ts:1:18:
  [37m      1 │ import { z } from [32m"zod"[37m;
          ╵                   [32m~~~~~[0m
  
    To fix this, you can add an entry to "alias" in your Wrangler configuration.
    For more guidance see: [4m[4mhttps://developers.cloudflare.com/workers/wrangler/configuration/#bundling-issues[0m[0m
    
  
  
  [31m✘ [41;31m[[41;97mERROR[41;31m][0m [1mCould not resolve "@sekiban/dcb-domain"[0m
  
      ../samples/meeting-room/src/domain.ts:23:7:
  [37m      23 │ } from [32m"@sekiban/dcb-domain"[37m;
           ╵        [32m~~~~~~~~~~~~~~~~~~~~~[0m
  
    To fix this, you can add an entry to "alias" in your Wrangler configuration.
    For more guidance see: [4m[4mhttps://developers.cloudflare.com/workers/wrangler/configuration/#bundling-issues[0m[0m
    
  
  
  [31m✘ [41;31m[[41;97mERROR[41;31m][0m [1mCould not resolve "@sekiban/dcb-client"[0m
  
      ../samples/meeting-room/src/transport.ts:10:7:
  [37m      10 │ } from [32m"@sekiban/dcb-client"[37m;
           ╵        [32m~~~~~~~~~~~~~~~~~~~~~[0m
  
    To fix this, you can add an entry to "alias" in your Wrangler configuration.
    For more guidance see: [4m[4mhttps://developers.cloudflare.com/workers/wrangler/configuration/#bundling-issues[0m[0m
    
  
  
  [31m✘ [41;31m[[41;97mERROR[41;31m][0m [1mCould not resolve "@sekiban/dcb-domain"[0m
  
      ../samples/meeting-room/src/transport.ts:11:52:
  [37m      11 │ ... normalizeTag, type PortableSnapshot } from [32m"@sekiban/dcb-domain"[37m;
           ╵                                                [32m~~~~~~~~~~~~~~~~~~~~~[0m
  
    To fix this, you can add an entry to "alias" in your Wrangler configuration.
    For more guidance see: [4m[4mhttps://developers.cloudflare.com/workers/wrangler/configuration/#bundling-issues[0m[0m
    
  
  
  [31m✘ [41;31m[[41;97mERROR[41;31m][0m [1mCould not resolve "@sekiban/dcb-core"[0m
  
      ../samples/meeting-room/src/transport.ts:12:32:
  [37m      12 │ import { assertJsonValue } from [32m"@sekiban/dcb-core"[37m;
           ╵                                 [32m~~~~~~~~~~~~~~~~~~~[0m
  
    To fix this, you can add an entry to "alias" in your Wrangler configuration.
    For more guidance see: [4m[4mhttps://developers.cloudflare.com/workers/wrangler/configuration/#bundling-issues[0m[0m
    
  
  
  [31m✘ [41;31m[[41;97mERROR[41;31m][0m [1mCould not resolve "@sekiban/dcb-runtime/cloudflare"[0m
  
      ../samples/meeting-room/src/worker.cloudflare-only.ts:23:7:
  [37m      23 │ } from [32m"@sekiban/dcb-runtime/cloudflare"[37m;
           ╵        [32m~~~~~~~~~~~~~~~~~~~~~~~~~~~~~~~~~[0m
  
    To fix this, you can add an entry to "alias" in your Wrangler configuration.
    For more guidance see: [4m[4mhttps://developers.cloudflare.com/workers/wrangler/configuration/#bundling-issues[0m[0m
    
  
  
  [31m✘ [41;31m[[41;97mERROR[41;31m][0m [1mCould not resolve "@sekiban/dcb-runtime/d1"[0m
  
      ../samples/meeting-room/src/worker.cloudflare-only.ts:24:54:
  [37m      24 │ ...ntStore, D1MaterializedViewStore } from [32m"@sekiban/dcb-runtime/d1"[37m;
           ╵                                            [32m~~~~~~~~~~~~~~~~~~~~~~~~~[0m
  
    To fix this, you can add an entry to "alias" in your Wrangler configuration.
    For more guidance see: [4m[4mhttps://developers.cloudflare.com/workers/wrangler/configuration/#bundling-issues[0m[0m
    
  
  
  [31m✘ [41;31m[[41;97mERROR[41;31m][0m [1mCould not resolve "@sekiban/dcb-runtime/cloudflare"[0m
  
      ../samples/meeting-room/src/worker.cloudflare-receiver-support.ts:13:7:
  [37m      13 │ } from [32m"@sekiban/dcb-runtime/cloudflare"[37m;
           ╵        [32m~~~~~~~~~~~~~~~~~~~~~~~~~~~~~~~~~[0m
  
    To fix this, you can add an entry to "alias" in your Wrangler configuration.
    For more guidance see: [4m[4mhttps://developers.cloudflare.com/workers/wrangler/configuration/#bundling-issues[0m[0m
    
  
  
  [31m✘ [41;31m[[41;97mERROR[41;31m][0m [1mCould not resolve "@sekiban/dcb-runtime/d1"[0m
  
      ../samples/meeting-room/src/worker.cloudflare-receiver-support.ts:14:38:
  [37m      14 │ import { createD1StoreProvider } from [32m"@sekiban/dcb-runtime/d1"[37m;
           ╵                                       [32m~~~~~~~~~~~~~~~~~~~~~~~~~[0m
  
    To fix this, you can add an entry to "alias" in your Wrangler configuration.
    For more guidance see: [4m[4mhttps://developers.cloudflare.com/workers/wrangler/configuration/#bundling-issues[0m[0m
    
  
  


🪵  Logs were written to "/Users/tomohisa/Library/Preferences/.wrangler/logs/wrangler-2026-09-06_10-34-12_452.log"
