
> serialized-dcb-v1-runtime@0.1.0 e2e:g16
> python3 scripts/deploy/g15-e2e.py --include-query-views --base-url https://sekiban-dcb-meeting-room-cloudflare-only.ttakaoka.workers.dev --report .artifacts/sdt-g49-w47-g16.json

{
  "probe": "SDT-G16",
  "baseUrl": "https://sekiban-dcb-meeting-room-cloudflare-only.ttakaoka.workers.dev",
  "runId": "9ab0c66c09e2470a92d8863853249213",
  "roomId": "g15-room-9ab0c66c09e2470a",
  "reservationId": "g15-reservation-9ab0c66c09e2470a",
  "uiSafeWindowBoundMs": 120000,
  "safeWindowBoundSources": {
    "runtimeSource": "packages/dcb-runtime/src/safeWindow.ts",
    "runtimeBoundMs": 120000,
    "servedUiSource": "samples/meeting-room/public/ui-model.js",
    "servedUiBoundMs": 120000,
    "harnessBoundMs": 120000,
    "absoluteProtocolBoundMs": 120000,
    "deployedUiAsset": "/ui-model.js",
    "deployedUiBoundMs": 120000
  },
  "harnessGraceMs": 5000,
  "harnessGraceSemanticRole": "measurement-only; never widens UI visibility threshold",
  "serviceIdentity": {
    "configuredServiceId": "sekiban-dcb-meeting-room-cloudflare-only",
    "source": "G15_EXPECTED_SERVICE_ID",
    "clientHeaderForwarded": false
  },
  "visibilityOracle": {
    "executed": true,
    "pendingAtBoundMinusOne": "pending",
    "timeoutAtBound": "timeout",
    "visibleAtBoundWithEqualHead": "visible",
    "timeoutAfterBound": "timeout",
    "boundMs": 120000
  },
  "rawV1Unauthenticated": {
    "commit": 404,
    "tag-latest-sortable": 404,
    "tag-state": 404,
    "query": 404,
    "list-query": 404
  },
  "commands": {
    "create": {
      "status": 200,
      "requestMs": 5115.103,
      "suid": "063923878789406000001307699466"
    },
    "reserve": {
      "status": 200,
      "requestMs": 8119.452,
      "suid": "063923878796795000000074280444"
    },
    "cancel": {
      "status": 200,
      "requestMs": 4076.513,
      "suid": "063923878828754000000690755719"
    },
    "rejected": {
      "status": 400,
      "kind": "invalid",
      "code": "invalid_command_input"
    }
  },
  "projection": {
    "createVisible": true,
    "createCommitToVisibleMs": 527.151,
    "createObservations": [
      {
        "head": "063923878789406000001307699466",
        "requestMs": 527.018,
        "elapsedMs": 527.134,
        "state": "visible"
      }
    ],
    "reservationVisible": true,
    "reservationCommitToVisibleMs": 1045.303,
    "cancelVisible": true,
    "cancelCommitToVisibleMs": 1093.454
  },
  "queryViews": {
    "reservationList": {
      "status": 200,
      "reservationId": "g15-reservation-9ab0c66c09e2470a",
      "commitToVisibleMs": 24044.696,
      "readHead": null,
      "observations": [
        {
          "itemCount": 9,
          "containsReservation": false,
          "readHead": null,
          "requestMs": 1126.729,
          "elapsedMs": 1126.821
        },
        {
          "itemCount": 9,
          "containsReservation": false,
          "readHead": null,
          "requestMs": 2006.781,
          "elapsedMs": 3386.453
        },
        {
          "itemCount": 9,
          "containsReservation": false,
          "readHead": null,
          "requestMs": 1040.541,
          "elapsedMs": 4677.933
        },
        {
          "itemCount": 9,
          "containsReservation": false,
          "readHead": null,
          "requestMs": 1005.053,
          "elapsedMs": 5938.185
        },
        {
          "itemCount": 9,
          "containsReservation": false,
          "readHead": null,
          "requestMs": 1012.757,
          "elapsedMs": 7211.081
        },
        {
          "itemCount": 9,
          "containsReservation": false,
          "readHead": null,
          "requestMs": 2000.541,
          "elapsedMs": 9468.556
        },
        {
          "itemCount": 9,
          "containsReservation": false,
          "readHead": null,
          "requestMs": 1944.377,
          "elapsedMs": 11669.503
        },
        {
          "itemCount": 9,
          "containsReservation": false,
          "readHead": null,
          "requestMs": 1066.216,
          "elapsedMs": 12992.742
        },
        {
          "itemCount": 9,
          "containsReservation": false,
          "readHead": null,
          "requestMs": 1010.873,
          "elapsedMs": 14263.732
        },
        {
          "itemCount": 9,
          "containsReservation": false,
          "readHead": null,
          "requestMs": 1093.284,
          "elapsedMs": 15615.357
        },
        {
          "itemCount": 9,
          "containsReservation": false,
          "readHead": null,
          "requestMs": 624.745,
          "elapsedMs": 16500.237
        },
        {
          "itemCount": 9,
          "containsReservation": false,
          "readHead": null,
          "requestMs": 1034.516,
          "elapsedMs": 17794.882
        },
        {
          "itemCount": 9,
          "containsReservation": false,
          "readHead": null,
          "requestMs": 1989.441,
          "elapsedMs": 20037.856
        },
        {
          "itemCount": 9,
          "containsReservation": false,
          "readHead": null,
          "requestMs": 1033.951,
          "elapsedMs": 21332.066
        },
        {
          "itemCount": 9,
          "containsReservation": false,
          "readHead": null,
          "requestMs": 1057.612,
          "elapsedMs": 22648.512
        },
        {
          "itemCount": 11,
          "containsReservation": true,
          "readHead": null,
          "requestMs": 1139.036,
          "elapsedMs": 24044.696
        }
      ]
    },
    "roomQuery": {
      "status": 200,
      "requestMs": 1047.093,
      "result": {
        "count": 13
      }
    }
  },
  "freshRunIds": true,
  "secret": "no bearer token or credential used by app-layer E2E",
  "recordedAt": "2026-09-01T17:00:32Z"
}
npm warn Unknown user config "python". This will stop working in the next major version of npm. See `npm help npmrc` for supported config options.
